/*C4*/SET SCHEMA PUBLIC
INSERT INTO SPRING_AI_CHAT_MEMORY VALUES('monu','I work in the Sales department.','USER','2026-08-21 10:12:23.772000')
COMMIT
DELETE FROM SPRING_AI_CHAT_MEMORY WHERE CONVERSATION_ID='monu' AND CONTENT='I work in the Sales department.' AND TYPE='USER' AND TIMESTAMP='2026-08-21 10:12:23.772000'
INSERT INTO SPRING_AI_CHAT_MEMORY VALUES('monu','I work in the Sales department.','USER','2026-08-21 10:12:25.056000')
INSERT INTO SPRING_AI_CHAT_MEMORY VALUES('monu','How can I assist you today with your Sales department needs?','ASSISTANT','2026-08-21 10:12:25.057000')
COMMIT
DELETE FROM SPRING_AI_CHAT_MEMORY WHERE CONVERSATION_ID='monu' AND CONTENT='I work in the Sales department.' AND TYPE='USER' AND TIMESTAMP='2026-08-21 10:12:25.056000'
DELETE FROM SPRING_AI_CHAT_MEMORY WHERE CONVERSATION_ID='monu' AND CONTENT='How can I assist you today with your Sales department needs?' AND TYPE='ASSISTANT' AND TIMESTAMP='2026-08-21 10:12:25.057000'
INSERT INTO SPRING_AI_CHAT_MEMORY VALUES('monu','I work in the Sales department.','USER','2026-08-21 10:12:34.173000')
INSERT INTO SPRING_AI_CHAT_MEMORY VALUES('monu','How can I assist you today with your Sales department needs?','ASSISTANT','2026-08-21 10:12:34.174000')
INSERT INTO SPRING_AI_CHAT_MEMORY VALUES('monu','I work in the Sales department.','USER','2026-08-21 10:12:34.175000')
COMMIT
DELETE FROM SPRING_AI_CHAT_MEMORY WHERE CONVERSATION_ID='monu' AND CONTENT='I work in the Sales department.' AND TYPE='USER' AND TIMESTAMP='2026-08-21 10:12:34.173000'
DELETE FROM SPRING_AI_CHAT_MEMORY WHERE CONVERSATION_ID='monu' AND CONTENT='How can I assist you today with your Sales department needs?' AND TYPE='ASSISTANT' AND TIMESTAMP='2026-08-21 10:12:34.174000'
DELETE FROM SPRING_AI_CHAT_MEMORY WHERE CONVERSATION_ID='monu' AND CONTENT='I work in the Sales department.' AND TYPE='USER' AND TIMESTAMP='2026-08-21 10:12:34.175000'
INSERT INTO SPRING_AI_CHAT_MEMORY VALUES('monu','I work in the Sales department.','USER','2026-08-21 10:12:35.494000')
INSERT INTO SPRING_AI_CHAT_MEMORY VALUES('monu','How can I assist you today with your Sales department needs?','ASSISTANT','2026-08-21 10:12:35.495000')
INSERT INTO SPRING_AI_CHAT_MEMORY VALUES('monu','I work in the Sales department.','USER','2026-08-21 10:12:35.496000')
INSERT INTO SPRING_AI_CHAT_MEMORY VALUES('monu','How can I assist you with your Sales department-related inquiries or tasks?','ASSISTANT','2026-08-21 10:12:35.497000')
COMMIT
/*C11*/SET SCHEMA PUBLIC
DISCONNECT
/*C9*/SET SCHEMA PUBLIC
DISCONNECT
/*C6*/SET SCHEMA PUBLIC
DISCONNECT
/*C7*/SET SCHEMA PUBLIC
DISCONNECT
/*C8*/SET SCHEMA PUBLIC
DISCONNECT
/*C4*/DISCONNECT
/*C10*/SET SCHEMA PUBLIC
DISCONNECT
/*C5*/SET SCHEMA PUBLIC
DISCONNECT
